#-----------------------------------------------------------
# Vivado v2022.2 (64-bit)
# SW Build 3671981 on Fri Oct 14 05:00:03 MDT 2022
# IP Build 3669848 on Fri Oct 14 08:30:02 MDT 2022
# Start of session at: Mon Jan 13 11:27:17 2025
# Process ID: 21688
# Current directory: C:/Users/gzr/Desktop/FPGA neural network/FPGA-CNN-LeNet
# Command line: vivado.exe -gui_launcher_event rodinguilauncherevent17200 C:\Users\gzr\Desktop\FPGA neural network\FPGA-CNN-LeNet\FPGA-CNN-LeNet.xpr
# Log file: C:/Users/gzr/Desktop/FPGA neural network/FPGA-CNN-LeNet/vivado.log
# Journal file: C:/Users/gzr/Desktop/FPGA neural network/FPGA-CNN-LeNet\vivado.jou
# Running On: DESKTOP-JO9H9ID, OS: Windows, CPU Frequency: 2918 MHz, CPU Physical cores: 14, Host memory: 34142 MB
#-----------------------------------------------------------
start_gui
open_project {C:/Users/gzr/Desktop/FPGA neural network/FPGA-CNN-LeNet/FPGA-CNN-LeNet.xpr}
WARNING: [Board 49-26] cannot add Board Part xilinx.com:vek280_es:part0:1.0 available at D:/Vivado2022/Vivado/2022.2/data/xhub/boards/XilinxBoardStore/boards/Xilinx/vek280/es/1.0/board.xml as part xcve2802-vsvh1760-2lp-e-s-es1 specified in board_part file is either invalid or not available
WARNING: [Board 49-26] cannot add Board Part xilinx.com:vhk158_es:part0:1.0 available at D:/Vivado2022/Vivado/2022.2/data/xhub/boards/XilinxBoardStore/boards/Xilinx/vhk158/es/1.0/board.xml as part xcvh1582-vsva3697-2mp-e-s-es1 specified in board_part file is either invalid or not available
WARNING: [Board 49-26] cannot add Board Part xilinx.com:vpk120_es:part0:1.2 available at D:/Vivado2022/Vivado/2022.2/data/xhub/boards/XilinxBoardStore/boards/Xilinx/vpk120/es/1.2/board.xml as part xcvp1202-vsva2785-2mp-e-s-es1 specified in board_part file is either invalid or not available
WARNING: [Board 49-26] cannot add Board Part xilinx.com:vpk120_es_revb:part0:1.0 available at D:/Vivado2022/Vivado/2022.2/data/xhub/boards/XilinxBoardStore/boards/Xilinx/vpk120_revb/es/1.0/board.xml as part xcvp1202-vsva2785-2mp-e-s-es1 specified in board_part file is either invalid or not available
WARNING: [Board 49-26] cannot add Board Part xilinx.com:vpk180_es:part0:1.0 available at D:/Vivado2022/Vivado/2022.2/data/xhub/boards/XilinxBoardStore/boards/Xilinx/vpk180/es/1.0/board.xml as part xcvp1802-lsvc4072-2mp-e-s-es1 specified in board_part file is either invalid or not available
WARNING: [Board 49-26] cannot add Board Part xilinx.com:zcu208ld:part0:2.0 available at D:/Vivado2022/Vivado/2022.2/data/xhub/boards/XilinxBoardStore/boards/Xilinx/zcu208ld/production/2.0/board.xml as part xczu58dr-fsvg1517-2-i specified in board_part file is either invalid or not available
WARNING: [Board 49-26] cannot add Board Part xilinx.com:zcu216ld:part0:2.0 available at D:/Vivado2022/Vivado/2022.2/data/xhub/boards/XilinxBoardStore/boards/Xilinx/zcu216ld/production/2.0/board.xml as part xczu59dr-ffvf1760-2-i specified in board_part file is either invalid or not available
WARNING: [Board 49-26] cannot add Board Part xilinx.com:zcu670:part0:2.0 available at D:/Vivado2022/Vivado/2022.2/data/xhub/boards/XilinxBoardStore/boards/Xilinx/zcu670/2.0/board.xml as part xczu67dr-fsve1156-2-i specified in board_part file is either invalid or not available
WARNING: [Board 49-26] cannot add Board Part xilinx.com:zcu670ld:part0:1.0 available at D:/Vivado2022/Vivado/2022.2/data/xhub/boards/XilinxBoardStore/boards/Xilinx/zcu670ld/1.0/board.xml as part xczu57dr-fsve1156-2-i specified in board_part file is either invalid or not available
INFO: [filemgmt 56-3] Default IP Output Path : Could not find the directory 'C:/Users/gzr/Desktop/FPGA neural network/FPGA-CNN-LeNet/FPGA-CNN-LeNet.gen/sources_1'.
Scanning sources...
Finished scanning sources
INFO: [IP_Flow 19-234] Refreshing IP repositories
INFO: [IP_Flow 19-1704] No user IP repositories specified
INFO: [IP_Flow 19-2313] Loaded Vivado IP repository 'D:/Vivado2022/Vivado/2022.2/data/ip'.
open_project: Time (s): cpu = 00:00:07 ; elapsed = 00:00:07 . Memory (MB): peak = 1749.820 ; gain = 308.918
launch_simulation
Command: launch_simulation 
INFO: [Vivado 12-12493] Simulation top is 'LeNet_TB'
WARNING: [Vivado 12-13340] Unable to auto find GCC executables from simulator install path! (path not set)
WARNING: [Vivado 12-13277] Compiled library path does not exist: ''
INFO: [Vivado 12-5682] Launching behavioral simulation in 'C:/Users/gzr/Desktop/FPGA neural network/FPGA-CNN-LeNet/FPGA-CNN-LeNet.sim/sim_1/behav/xsim'
INFO: [SIM-utils-51] Simulation object is 'sim_1'
INFO: [SIM-utils-72] Using boost library from 'D:/Vivado2022/Vivado/2022.2/tps/boost_1_72_0'
INFO: [SIM-utils-54] Inspecting design source files for 'LeNet_TB' in fileset 'sim_1'...
INFO: [USF-XSim-97] Finding global include files...
INFO: [USF-XSim-100] Fetching design files from 'sources_1'...(this may take a while)...
INFO: [USF-XSim-101] Fetching design files from 'sim_1'...
INFO: [USF-XSim-2] XSim::Compile design
INFO: [USF-XSim-61] Executing 'COMPILE and ANALYZE' step in 'C:/Users/gzr/Desktop/FPGA neural network/FPGA-CNN-LeNet/FPGA-CNN-LeNet.sim/sim_1/behav/xsim'
"xvlog --incr --relax -prj LeNet_TB_vlog.prj"
INFO: [VRFC 10-2263] Analyzing Verilog file "C:/Users/gzr/Desktop/FPGA neural network/FPGA-CNN-LeNet/FPGA-CNN-LeNet.srcs/sources_1/new/Conv_calc.v" into library xil_defaultlib
INFO: [VRFC 10-311] analyzing module Conv_calc
INFO: [VRFC 10-2263] Analyzing Verilog file "C:/Users/gzr/Desktop/FPGA neural network/FPGA-CNN-LeNet/FPGA-CNN-LeNet.srcs/sources_1/new/FloatAdd16.v" into library xil_defaultlib
INFO: [VRFC 10-311] analyzing module FloatAdd16
INFO: [VRFC 10-2263] Analyzing Verilog file "C:/Users/gzr/Desktop/FPGA neural network/FPGA-CNN-LeNet/FPGA-CNN-LeNet.srcs/sources_1/new/FloatMult16.v" into library xil_defaultlib
INFO: [VRFC 10-311] analyzing module FloatMult16
INFO: [VRFC 10-2263] Analyzing Verilog file "C:/Users/gzr/Desktop/FPGA neural network/FPGA-CNN-LeNet/FPGA-CNN-LeNet.srcs/sources_1/new/Window_partition.v" into library xil_defaultlib
INFO: [VRFC 10-311] analyzing module Window_partition
WARNING: [VRFC 10-2096] empty statement in sequential block [C:/Users/gzr/Desktop/FPGA neural network/FPGA-CNN-LeNet/FPGA-CNN-LeNet.srcs/sources_1/new/Window_partition.v:59]
INFO: [VRFC 10-2263] Analyzing Verilog file "C:/Users/gzr/Desktop/FPGA neural network/FPGA-CNN-LeNet/FPGA-CNN-LeNet.srcs/sources_1/new/kernel_single_channel_calc.v" into library xil_defaultlib
INFO: [VRFC 10-311] analyzing module kernel_single_channel_calc
INFO: [VRFC 10-2263] Analyzing Verilog file "C:/Users/gzr/Desktop/FPGA neural network/FPGA-CNN-LeNet/FPGA-CNN-LeNet.srcs/sources_1/new/Conv_single_kernel.v" into library xil_defaultlib
INFO: [VRFC 10-311] analyzing module Conv_single_kernel
INFO: [VRFC 10-2263] Analyzing Verilog file "C:/Users/gzr/Desktop/FPGA neural network/FPGA-CNN-LeNet/FPGA-CNN-LeNet.srcs/sources_1/new/FloatVectorAdd16.v" into library xil_defaultlib
INFO: [VRFC 10-311] analyzing module FloatVectorAdd16
INFO: [VRFC 10-2263] Analyzing Verilog file "C:/Users/gzr/Desktop/FPGA neural network/FPGA-CNN-LeNet/FPGA-CNN-LeNet.srcs/sources_1/new/AveragePooling.v" into library xil_defaultlib
INFO: [VRFC 10-311] analyzing module AveragePooling_layer
INFO: [VRFC 10-2263] Analyzing Verilog file "C:/Users/gzr/Desktop/FPGA neural network/FPGA-CNN-LeNet/FPGA-CNN-LeNet.srcs/sources_1/new/Linear.v" into library xil_defaultlib
INFO: [VRFC 10-311] analyzing module Linear_layer
INFO: [VRFC 10-2263] Analyzing Verilog file "C:/Users/gzr/Desktop/FPGA neural network/FPGA-CNN-LeNet/FPGA-CNN-LeNet.srcs/sources_1/new/Conv_layer.v" into library xil_defaultlib
INFO: [VRFC 10-311] analyzing module Conv_layer
INFO: [VRFC 10-2263] Analyzing Verilog file "C:/Users/gzr/Desktop/FPGA neural network/FPGA-CNN-LeNet/FPGA-CNN-LeNet.srcs/sources_1/new/FloatExponent16.v" into library xil_defaultlib
INFO: [VRFC 10-311] analyzing module FloatExponent16
INFO: [VRFC 10-2263] Analyzing Verilog file "C:/Users/gzr/Desktop/FPGA neural network/FPGA-CNN-LeNet/FPGA-CNN-LeNet.srcs/sources_1/new/Softmax_layer.v" into library xil_defaultlib
INFO: [VRFC 10-311] analyzing module Softmax_layer
INFO: [VRFC 10-2263] Analyzing Verilog file "C:/Users/gzr/Desktop/FPGA neural network/FPGA-CNN-LeNet/FPGA-CNN-LeNet.srcs/sources_1/new/Sigmoid.v" into library xil_defaultlib
INFO: [VRFC 10-311] analyzing module Sigmoid
INFO: [VRFC 10-2263] Analyzing Verilog file "C:/Users/gzr/Desktop/FPGA neural network/FPGA-CNN-LeNet/FPGA-CNN-LeNet.srcs/sources_1/new/FloatReciprocal16.v" into library xil_defaultlib
INFO: [VRFC 10-311] analyzing module FloatReciprocal16
INFO: [VRFC 10-2263] Analyzing Verilog file "C:/Users/gzr/Desktop/FPGA neural network/FPGA-CNN-LeNet/FPGA-CNN-LeNet.srcs/sources_1/new/Sigmoid_layer.v" into library xil_defaultlib
INFO: [VRFC 10-311] analyzing module Sigmoid_layer
INFO: [VRFC 10-2263] Analyzing Verilog file "C:/Users/gzr/Desktop/FPGA neural network/FPGA-CNN-LeNet/FPGA-CNN-LeNet.srcs/sources_1/new/LeNet.v" into library xil_defaultlib
INFO: [VRFC 10-311] analyzing module LeNet
INFO: [VRFC 10-2263] Analyzing Verilog file "C:/Users/gzr/Desktop/FPGA neural network/FPGA-CNN-LeNet/FPGA-CNN-LeNet.srcs/sim_1/new/Window_partition_TB.v" into library xil_defaultlib
INFO: [VRFC 10-311] analyzing module Window_partition_TB
INFO: [VRFC 10-2263] Analyzing Verilog file "C:/Users/gzr/Desktop/FPGA neural network/FPGA-CNN-LeNet/FPGA-CNN-LeNet.srcs/sim_1/new/Conv_calc_TB.v" into library xil_defaultlib
INFO: [VRFC 10-311] analyzing module Conv_calc_TB
INFO: [VRFC 10-2263] Analyzing Verilog file "C:/Users/gzr/Desktop/FPGA neural network/FPGA-CNN-LeNet/FPGA-CNN-LeNet.srcs/sim_1/new/FloatAdd16_TB.v" into library xil_defaultlib
INFO: [VRFC 10-311] analyzing module FloatAdd16_TB
INFO: [VRFC 10-2263] Analyzing Verilog file "C:/Users/gzr/Desktop/FPGA neural network/FPGA-CNN-LeNet/FPGA-CNN-LeNet.srcs/sim_1/new/FloatMult16_TB.v" into library xil_defaultlib
INFO: [VRFC 10-311] analyzing module FloatMult16_TB
INFO: [VRFC 10-2263] Analyzing Verilog file "C:/Users/gzr/Desktop/FPGA neural network/FPGA-CNN-LeNet/FPGA-CNN-LeNet.srcs/sim_1/new/Feature_map_selector_TB.v" into library xil_defaultlib
INFO: [VRFC 10-311] analyzing module Feature_map_selector_TB
INFO: [VRFC 10-2263] Analyzing Verilog file "C:/Users/gzr/Desktop/FPGA neural network/FPGA-CNN-LeNet/FPGA-CNN-LeNet.srcs/sim_1/new/Kernel_single_channel_calc_TB.v" into library xil_defaultlib
INFO: [VRFC 10-311] analyzing module Kernel_single_channel_calc_TB
INFO: [VRFC 10-2263] Analyzing Verilog file "C:/Users/gzr/Desktop/FPGA neural network/FPGA-CNN-LeNet/FPGA-CNN-LeNet.srcs/sim_1/new/FloatVectorAdd16_TB.v" into library xil_defaultlib
INFO: [VRFC 10-311] analyzing module FloatVectorAdd16_TB
INFO: [VRFC 10-2263] Analyzing Verilog file "C:/Users/gzr/Desktop/FPGA neural network/FPGA-CNN-LeNet/FPGA-CNN-LeNet.srcs/sim_1/new/Conv_single_kernel_TB.v" into library xil_defaultlib
INFO: [VRFC 10-311] analyzing module Conv_single_kernel_TB
INFO: [VRFC 10-2263] Analyzing Verilog file "C:/Users/gzr/Desktop/FPGA neural network/FPGA-CNN-LeNet/FPGA-CNN-LeNet.srcs/sim_1/new/AveragePooling_TB.v" into library xil_defaultlib
INFO: [VRFC 10-311] analyzing module AveragePooling_layer_TB
INFO: [VRFC 10-2263] Analyzing Verilog file "C:/Users/gzr/Desktop/FPGA neural network/FPGA-CNN-LeNet/FPGA-CNN-LeNet.srcs/sim_1/new/Conv_layer_TB.v" into library xil_defaultlib
INFO: [VRFC 10-311] analyzing module Conv_layer_TB
INFO: [VRFC 10-2263] Analyzing Verilog file "C:/Users/gzr/Desktop/FPGA neural network/FPGA-CNN-LeNet/FPGA-CNN-LeNet.srcs/sim_1/new/Linear_TB.v" into library xil_defaultlib
INFO: [VRFC 10-311] analyzing module Linear_layer_TB
INFO: [VRFC 10-2263] Analyzing Verilog file "C:/Users/gzr/Desktop/FPGA neural network/FPGA-CNN-LeNet/FPGA-CNN-LeNet.srcs/sim_1/new/FloatExponent16_TB.v" into library xil_defaultlib
INFO: [VRFC 10-311] analyzing module FloatExponent16_TB
INFO: [VRFC 10-2263] Analyzing Verilog file "C:/Users/gzr/Desktop/FPGA neural network/FPGA-CNN-LeNet/FPGA-CNN-LeNet.srcs/sim_1/new/Sigmoid_TB.v" into library xil_defaultlib
INFO: [VRFC 10-311] analyzing module Sigmoid_TB
INFO: [VRFC 10-2263] Analyzing Verilog file "C:/Users/gzr/Desktop/FPGA neural network/FPGA-CNN-LeNet/FPGA-CNN-LeNet.srcs/sim_1/new/FloatReciprocal16_TB.v" into library xil_defaultlib
INFO: [VRFC 10-311] analyzing module FloatReciprocal16_TB
INFO: [VRFC 10-2263] Analyzing Verilog file "C:/Users/gzr/Desktop/FPGA neural network/FPGA-CNN-LeNet/FPGA-CNN-LeNet.srcs/sim_1/new/Sigmoid_layer_TB.v" into library xil_defaultlib
INFO: [VRFC 10-311] analyzing module Sigmoid_layer_TB
INFO: [VRFC 10-2263] Analyzing Verilog file "C:/Users/gzr/Desktop/FPGA neural network/FPGA-CNN-LeNet/FPGA-CNN-LeNet.srcs/sim_1/new/Softmax_layer_TB.v" into library xil_defaultlib
INFO: [VRFC 10-311] analyzing module Softmax_layer_TB
INFO: [VRFC 10-2263] Analyzing Verilog file "C:/Users/gzr/Desktop/FPGA neural network/FPGA-CNN-LeNet/FPGA-CNN-LeNet.srcs/sim_1/new/LeNet_TB.v" into library xil_defaultlib
INFO: [VRFC 10-311] analyzing module LeNet_TB
run_program: Time (s): cpu = 00:00:00 ; elapsed = 00:00:05 . Memory (MB): peak = 1770.324 ; gain = 0.000
INFO: [USF-XSim-69] 'compile' step finished in '6' seconds
INFO: [USF-XSim-3] XSim::Elaborate design
INFO: [USF-XSim-61] Executing 'ELABORATE' step in 'C:/Users/gzr/Desktop/FPGA neural network/FPGA-CNN-LeNet/FPGA-CNN-LeNet.sim/sim_1/behav/xsim'
"xelab --incr --debug typical --relax --mt 2 -L xil_defaultlib -L unisims_ver -L unimacro_ver -L secureip --snapshot LeNet_TB_behav xil_defaultlib.LeNet_TB xil_defaultlib.glbl -log elaborate.log"
Vivado Simulator v2022.2
Copyright 1986-1999, 2001-2022 Xilinx, Inc. All Rights Reserved.
Running: D:/Vivado2022/Vivado/2022.2/bin/unwrapped/win64.o/xelab.exe --incr --debug typical --relax --mt 2 -L xil_defaultlib -L unisims_ver -L unimacro_ver -L secureip --snapshot LeNet_TB_behav xil_defaultlib.LeNet_TB xil_defaultlib.glbl -log elaborate.log 
Using 2 slave threads.
Starting static elaboration
Pass Through NonSizing Optimizer
WARNING: [VRFC 10-3091] actual bit length 1920 differs from formal bit length 16 for port 'bias' [C:/Users/gzr/Desktop/FPGA neural network/FPGA-CNN-LeNet/FPGA-CNN-LeNet.srcs/sources_1/new/LeNet.v:249]
WARNING: [VRFC 10-3091] actual bit length 6400 differs from formal bit length 256 for port 'in_features' [C:/Users/gzr/Desktop/FPGA neural network/FPGA-CNN-LeNet/FPGA-CNN-LeNet.srcs/sources_1/new/LeNet.v:250]
WARNING: [VRFC 10-3091] actual bit length 1344 differs from formal bit length 16 for port 'bias' [C:/Users/gzr/Desktop/FPGA neural network/FPGA-CNN-LeNet/FPGA-CNN-LeNet.srcs/sources_1/new/LeNet.v:276]
WARNING: [VRFC 10-3091] actual bit length 160 differs from formal bit length 16 for port 'bias' [C:/Users/gzr/Desktop/FPGA neural network/FPGA-CNN-LeNet/FPGA-CNN-LeNet.srcs/sources_1/new/LeNet.v:303]
Completed static elaboration
Starting simulation data flow analysis
Completed simulation data flow analysis
Time Resolution for simulation is 1ps
Compiling module xil_defaultlib.Window_partition(map_width=32,ma...
Compiling module xil_defaultlib.FloatMult16
Compiling module xil_defaultlib.FloatAdd16
Compiling module xil_defaultlib.Conv_calc(window_width=5,window_...
Compiling module xil_defaultlib.kernel_single_channel_calc(map_w...
Compiling module xil_defaultlib.FloatVectorAdd16(vectorA_length=...
Compiling module xil_defaultlib.Conv_single_kernel(map_width=32,...
Compiling module xil_defaultlib.Conv_layer(map_width=32,map_heig...
Compiling module xil_defaultlib.FloatExponent16
Compiling module xil_defaultlib.FloatReciprocal16
Compiling module xil_defaultlib.Sigmoid
Compiling module xil_defaultlib.Sigmoid_layer(nums=4704)
Compiling module xil_defaultlib.AveragePooling_layer(map_width=2...
Compiling module xil_defaultlib.Window_partition(map_width=14,ma...
Compiling module xil_defaultlib.kernel_single_channel_calc(map_w...
Compiling module xil_defaultlib.FloatVectorAdd16(vectorA_length=...
Compiling module xil_defaultlib.Conv_single_kernel(map_width=14,...
Compiling module xil_defaultlib.Conv_layer(map_width=14,map_heig...
Compiling module xil_defaultlib.Sigmoid_layer(nums=1600)
Compiling module xil_defaultlib.AveragePooling_layer(map_width=1...
Compiling module xil_defaultlib.Linear_layer(in_features_dim=16,...
Compiling module xil_defaultlib.Sigmoid_layer(nums=120)
Compiling module xil_defaultlib.Linear_layer(in_features_dim=120...
Compiling module xil_defaultlib.Sigmoid_layer(nums=84)
Compiling module xil_defaultlib.Linear_layer(in_features_dim=84,...
Compiling module xil_defaultlib.Softmax_layer(nums=10)
Compiling module xil_defaultlib.LeNet_default
Compiling module xil_defaultlib.LeNet_TB
Compiling module xil_defaultlib.glbl
Built simulation snapshot LeNet_TB_behav
run_program: Time (s): cpu = 00:00:00 ; elapsed = 00:00:08 . Memory (MB): peak = 1770.324 ; gain = 0.000
INFO: [USF-XSim-69] 'elaborate' step finished in '7' seconds
INFO: [USF-XSim-4] XSim::Simulate design
INFO: [USF-XSim-61] Executing 'SIMULATE' step in 'C:/Users/gzr/Desktop/FPGA neural network/FPGA-CNN-LeNet/FPGA-CNN-LeNet.sim/sim_1/behav/xsim'
INFO: [USF-XSim-98] *** Running xsim
   with args "LeNet_TB_behav -key {Behavioral:sim_1:Functional:LeNet_TB} -tclbatch {LeNet_TB.tcl} -log {simulate.log}"
INFO: [USF-XSim-8] Loading simulator feature
Time resolution is 1 ps
source LeNet_TB.tcl
# set curr_wave [current_wave_config]
# if { [string length $curr_wave] == 0 } {
#   if { [llength [get_objects]] > 0} {
#     add_wave /
#     set_property needs_save false [current_wave_config]
#   } else {
#      send_msg_id Add_Wave-1 WARNING "No top level signals found. Simulator will start without a wave window. If you want to open a wave window go to 'File->New Waveform Configuration' or type 'create_wave_config' in the TCL console."
#   }
# }
WARNING: [Wavedata 42-489] Can't add object "/LeNet_TB/L6_weights" to the wave window because it has 161280 bits, which exceeds the display limit of 65536 bits.  To change the display limit, use the command "set_property display_limit <new limit> [current_wave_config]".
# log_wave -r /
WARNING: [Simtcl 6-197] One or more HDL objects could not be logged because of object type or size limitations.  To see details please rerun the command with -verbose (-v).
# run 1000ns
xsim: Time (s): cpu = 00:00:06 ; elapsed = 00:00:07 . Memory (MB): peak = 1837.738 ; gain = 67.414
INFO: [USF-XSim-96] XSim completed. Design snapshot 'LeNet_TB_behav' loaded.
INFO: [USF-XSim-97] XSim simulation ran for 1000ns
launch_simulation: Time (s): cpu = 00:00:06 ; elapsed = 00:00:21 . Memory (MB): peak = 1837.738 ; gain = 86.938
run all
run: Time (s): cpu = 00:05:49 ; elapsed = 00:06:14 . Memory (MB): peak = 1852.566 ; gain = 14.828
close_sim
INFO: [Simtcl 6-16] Simulation closed
launch_simulation
Command: launch_simulation 
INFO: [Vivado 12-12493] Simulation top is 'LeNet_TB'
WARNING: [Vivado 12-13340] Unable to auto find GCC executables from simulator install path! (path not set)
WARNING: [Vivado 12-13277] Compiled library path does not exist: ''
INFO: [Vivado 12-5682] Launching behavioral simulation in 'C:/Users/gzr/Desktop/FPGA neural network/FPGA-CNN-LeNet/FPGA-CNN-LeNet.sim/sim_1/behav/xsim'
INFO: [SIM-utils-51] Simulation object is 'sim_1'
INFO: [SIM-utils-72] Using boost library from 'D:/Vivado2022/Vivado/2022.2/tps/boost_1_72_0'
INFO: [SIM-utils-54] Inspecting design source files for 'LeNet_TB' in fileset 'sim_1'...
INFO: [USF-XSim-97] Finding global include files...
INFO: [USF-XSim-100] Fetching design files from 'sources_1'...(this may take a while)...
INFO: [USF-XSim-101] Fetching design files from 'sim_1'...
INFO: [USF-XSim-2] XSim::Compile design
INFO: [USF-XSim-61] Executing 'COMPILE and ANALYZE' step in 'C:/Users/gzr/Desktop/FPGA neural network/FPGA-CNN-LeNet/FPGA-CNN-LeNet.sim/sim_1/behav/xsim'
"xvlog --incr --relax -prj LeNet_TB_vlog.prj"
INFO: [VRFC 10-2263] Analyzing Verilog file "C:/Users/gzr/Desktop/FPGA neural network/FPGA-CNN-LeNet/FPGA-CNN-LeNet.srcs/sources_1/new/Conv_calc.v" into library xil_defaultlib
INFO: [VRFC 10-311] analyzing module Conv_calc
INFO: [VRFC 10-2263] Analyzing Verilog file "C:/Users/gzr/Desktop/FPGA neural network/FPGA-CNN-LeNet/FPGA-CNN-LeNet.srcs/sources_1/new/FloatAdd16.v" into library xil_defaultlib
INFO: [VRFC 10-311] analyzing module FloatAdd16
INFO: [VRFC 10-2263] Analyzing Verilog file "C:/Users/gzr/Desktop/FPGA neural network/FPGA-CNN-LeNet/FPGA-CNN-LeNet.srcs/sources_1/new/FloatMult16.v" into library xil_defaultlib
INFO: [VRFC 10-311] analyzing module FloatMult16
INFO: [VRFC 10-2263] Analyzing Verilog file "C:/Users/gzr/Desktop/FPGA neural network/FPGA-CNN-LeNet/FPGA-CNN-LeNet.srcs/sources_1/new/Window_partition.v" into library xil_defaultlib
INFO: [VRFC 10-311] analyzing module Window_partition
WARNING: [VRFC 10-2096] empty statement in sequential block [C:/Users/gzr/Desktop/FPGA neural network/FPGA-CNN-LeNet/FPGA-CNN-LeNet.srcs/sources_1/new/Window_partition.v:59]
INFO: [VRFC 10-2263] Analyzing Verilog file "C:/Users/gzr/Desktop/FPGA neural network/FPGA-CNN-LeNet/FPGA-CNN-LeNet.srcs/sources_1/new/kernel_single_channel_calc.v" into library xil_defaultlib
INFO: [VRFC 10-311] analyzing module kernel_single_channel_calc
INFO: [VRFC 10-2263] Analyzing Verilog file "C:/Users/gzr/Desktop/FPGA neural network/FPGA-CNN-LeNet/FPGA-CNN-LeNet.srcs/sources_1/new/Conv_single_kernel.v" into library xil_defaultlib
INFO: [VRFC 10-311] analyzing module Conv_single_kernel
INFO: [VRFC 10-2263] Analyzing Verilog file "C:/Users/gzr/Desktop/FPGA neural network/FPGA-CNN-LeNet/FPGA-CNN-LeNet.srcs/sources_1/new/FloatVectorAdd16.v" into library xil_defaultlib
INFO: [VRFC 10-311] analyzing module FloatVectorAdd16
INFO: [VRFC 10-2263] Analyzing Verilog file "C:/Users/gzr/Desktop/FPGA neural network/FPGA-CNN-LeNet/FPGA-CNN-LeNet.srcs/sources_1/new/AveragePooling.v" into library xil_defaultlib
INFO: [VRFC 10-311] analyzing module AveragePooling_layer
INFO: [VRFC 10-2263] Analyzing Verilog file "C:/Users/gzr/Desktop/FPGA neural network/FPGA-CNN-LeNet/FPGA-CNN-LeNet.srcs/sources_1/new/Linear.v" into library xil_defaultlib
INFO: [VRFC 10-311] analyzing module Linear_layer
INFO: [VRFC 10-2263] Analyzing Verilog file "C:/Users/gzr/Desktop/FPGA neural network/FPGA-CNN-LeNet/FPGA-CNN-LeNet.srcs/sources_1/new/Conv_layer.v" into library xil_defaultlib
INFO: [VRFC 10-311] analyzing module Conv_layer
INFO: [VRFC 10-2263] Analyzing Verilog file "C:/Users/gzr/Desktop/FPGA neural network/FPGA-CNN-LeNet/FPGA-CNN-LeNet.srcs/sources_1/new/FloatExponent16.v" into library xil_defaultlib
INFO: [VRFC 10-311] analyzing module FloatExponent16
INFO: [VRFC 10-2263] Analyzing Verilog file "C:/Users/gzr/Desktop/FPGA neural network/FPGA-CNN-LeNet/FPGA-CNN-LeNet.srcs/sources_1/new/Softmax_layer.v" into library xil_defaultlib
INFO: [VRFC 10-311] analyzing module Softmax_layer
INFO: [VRFC 10-2263] Analyzing Verilog file "C:/Users/gzr/Desktop/FPGA neural network/FPGA-CNN-LeNet/FPGA-CNN-LeNet.srcs/sources_1/new/Sigmoid.v" into library xil_defaultlib
INFO: [VRFC 10-311] analyzing module Sigmoid
INFO: [VRFC 10-2263] Analyzing Verilog file "C:/Users/gzr/Desktop/FPGA neural network/FPGA-CNN-LeNet/FPGA-CNN-LeNet.srcs/sources_1/new/FloatReciprocal16.v" into library xil_defaultlib
INFO: [VRFC 10-311] analyzing module FloatReciprocal16
INFO: [VRFC 10-2263] Analyzing Verilog file "C:/Users/gzr/Desktop/FPGA neural network/FPGA-CNN-LeNet/FPGA-CNN-LeNet.srcs/sources_1/new/Sigmoid_layer.v" into library xil_defaultlib
INFO: [VRFC 10-311] analyzing module Sigmoid_layer
INFO: [VRFC 10-2263] Analyzing Verilog file "C:/Users/gzr/Desktop/FPGA neural network/FPGA-CNN-LeNet/FPGA-CNN-LeNet.srcs/sources_1/new/LeNet.v" into library xil_defaultlib
INFO: [VRFC 10-311] analyzing module LeNet
INFO: [VRFC 10-2263] Analyzing Verilog file "C:/Users/gzr/Desktop/FPGA neural network/FPGA-CNN-LeNet/FPGA-CNN-LeNet.srcs/sim_1/new/Window_partition_TB.v" into library xil_defaultlib
INFO: [VRFC 10-311] analyzing module Window_partition_TB
INFO: [VRFC 10-2263] Analyzing Verilog file "C:/Users/gzr/Desktop/FPGA neural network/FPGA-CNN-LeNet/FPGA-CNN-LeNet.srcs/sim_1/new/Conv_calc_TB.v" into library xil_defaultlib
INFO: [VRFC 10-311] analyzing module Conv_calc_TB
INFO: [VRFC 10-2263] Analyzing Verilog file "C:/Users/gzr/Desktop/FPGA neural network/FPGA-CNN-LeNet/FPGA-CNN-LeNet.srcs/sim_1/new/FloatAdd16_TB.v" into library xil_defaultlib
INFO: [VRFC 10-311] analyzing module FloatAdd16_TB
INFO: [VRFC 10-2263] Analyzing Verilog file "C:/Users/gzr/Desktop/FPGA neural network/FPGA-CNN-LeNet/FPGA-CNN-LeNet.srcs/sim_1/new/FloatMult16_TB.v" into library xil_defaultlib
INFO: [VRFC 10-311] analyzing module FloatMult16_TB
INFO: [VRFC 10-2263] Analyzing Verilog file "C:/Users/gzr/Desktop/FPGA neural network/FPGA-CNN-LeNet/FPGA-CNN-LeNet.srcs/sim_1/new/Feature_map_selector_TB.v" into library xil_defaultlib
INFO: [VRFC 10-311] analyzing module Feature_map_selector_TB
INFO: [VRFC 10-2263] Analyzing Verilog file "C:/Users/gzr/Desktop/FPGA neural network/FPGA-CNN-LeNet/FPGA-CNN-LeNet.srcs/sim_1/new/Kernel_single_channel_calc_TB.v" into library xil_defaultlib
INFO: [VRFC 10-311] analyzing module Kernel_single_channel_calc_TB
INFO: [VRFC 10-2263] Analyzing Verilog file "C:/Users/gzr/Desktop/FPGA neural network/FPGA-CNN-LeNet/FPGA-CNN-LeNet.srcs/sim_1/new/FloatVectorAdd16_TB.v" into library xil_defaultlib
INFO: [VRFC 10-311] analyzing module FloatVectorAdd16_TB
INFO: [VRFC 10-2263] Analyzing Verilog file "C:/Users/gzr/Desktop/FPGA neural network/FPGA-CNN-LeNet/FPGA-CNN-LeNet.srcs/sim_1/new/Conv_single_kernel_TB.v" into library xil_defaultlib
INFO: [VRFC 10-311] analyzing module Conv_single_kernel_TB
INFO: [VRFC 10-2263] Analyzing Verilog file "C:/Users/gzr/Desktop/FPGA neural network/FPGA-CNN-LeNet/FPGA-CNN-LeNet.srcs/sim_1/new/AveragePooling_TB.v" into library xil_defaultlib
INFO: [VRFC 10-311] analyzing module AveragePooling_layer_TB
INFO: [VRFC 10-2263] Analyzing Verilog file "C:/Users/gzr/Desktop/FPGA neural network/FPGA-CNN-LeNet/FPGA-CNN-LeNet.srcs/sim_1/new/Conv_layer_TB.v" into library xil_defaultlib
INFO: [VRFC 10-311] analyzing module Conv_layer_TB
INFO: [VRFC 10-2263] Analyzing Verilog file "C:/Users/gzr/Desktop/FPGA neural network/FPGA-CNN-LeNet/FPGA-CNN-LeNet.srcs/sim_1/new/Linear_TB.v" into library xil_defaultlib
INFO: [VRFC 10-311] analyzing module Linear_layer_TB
INFO: [VRFC 10-2263] Analyzing Verilog file "C:/Users/gzr/Desktop/FPGA neural network/FPGA-CNN-LeNet/FPGA-CNN-LeNet.srcs/sim_1/new/FloatExponent16_TB.v" into library xil_defaultlib
INFO: [VRFC 10-311] analyzing module FloatExponent16_TB
INFO: [VRFC 10-2263] Analyzing Verilog file "C:/Users/gzr/Desktop/FPGA neural network/FPGA-CNN-LeNet/FPGA-CNN-LeNet.srcs/sim_1/new/Sigmoid_TB.v" into library xil_defaultlib
INFO: [VRFC 10-311] analyzing module Sigmoid_TB
INFO: [VRFC 10-2263] Analyzing Verilog file "C:/Users/gzr/Desktop/FPGA neural network/FPGA-CNN-LeNet/FPGA-CNN-LeNet.srcs/sim_1/new/FloatReciprocal16_TB.v" into library xil_defaultlib
INFO: [VRFC 10-311] analyzing module FloatReciprocal16_TB
INFO: [VRFC 10-2263] Analyzing Verilog file "C:/Users/gzr/Desktop/FPGA neural network/FPGA-CNN-LeNet/FPGA-CNN-LeNet.srcs/sim_1/new/Sigmoid_layer_TB.v" into library xil_defaultlib
INFO: [VRFC 10-311] analyzing module Sigmoid_layer_TB
INFO: [VRFC 10-2263] Analyzing Verilog file "C:/Users/gzr/Desktop/FPGA neural network/FPGA-CNN-LeNet/FPGA-CNN-LeNet.srcs/sim_1/new/Softmax_layer_TB.v" into library xil_defaultlib
INFO: [VRFC 10-311] analyzing module Softmax_layer_TB
INFO: [VRFC 10-2263] Analyzing Verilog file "C:/Users/gzr/Desktop/FPGA neural network/FPGA-CNN-LeNet/FPGA-CNN-LeNet.srcs/sim_1/new/LeNet_TB.v" into library xil_defaultlib
INFO: [VRFC 10-311] analyzing module LeNet_TB
INFO: [USF-XSim-69] 'compile' step finished in '3' seconds
INFO: [USF-XSim-3] XSim::Elaborate design
INFO: [USF-XSim-61] Executing 'ELABORATE' step in 'C:/Users/gzr/Desktop/FPGA neural network/FPGA-CNN-LeNet/FPGA-CNN-LeNet.sim/sim_1/behav/xsim'
"xelab --incr --debug typical --relax --mt 2 -L xil_defaultlib -L unisims_ver -L unimacro_ver -L secureip --snapshot LeNet_TB_behav xil_defaultlib.LeNet_TB xil_defaultlib.glbl -log elaborate.log"
Vivado Simulator v2022.2
Copyright 1986-1999, 2001-2022 Xilinx, Inc. All Rights Reserved.
Running: D:/Vivado2022/Vivado/2022.2/bin/unwrapped/win64.o/xelab.exe --incr --debug typical --relax --mt 2 -L xil_defaultlib -L unisims_ver -L unimacro_ver -L secureip --snapshot LeNet_TB_behav xil_defaultlib.LeNet_TB xil_defaultlib.glbl -log elaborate.log 
Using 2 slave threads.
Starting static elaboration
Pass Through NonSizing Optimizer
WARNING: [VRFC 10-3091] actual bit length 1920 differs from formal bit length 16 for port 'bias' [C:/Users/gzr/Desktop/FPGA neural network/FPGA-CNN-LeNet/FPGA-CNN-LeNet.srcs/sources_1/new/LeNet.v:249]
WARNING: [VRFC 10-3091] actual bit length 6400 differs from formal bit length 256 for port 'in_features' [C:/Users/gzr/Desktop/FPGA neural network/FPGA-CNN-LeNet/FPGA-CNN-LeNet.srcs/sources_1/new/LeNet.v:250]
WARNING: [VRFC 10-3091] actual bit length 1344 differs from formal bit length 16 for port 'bias' [C:/Users/gzr/Desktop/FPGA neural network/FPGA-CNN-LeNet/FPGA-CNN-LeNet.srcs/sources_1/new/LeNet.v:276]
WARNING: [VRFC 10-3091] actual bit length 160 differs from formal bit length 16 for port 'bias' [C:/Users/gzr/Desktop/FPGA neural network/FPGA-CNN-LeNet/FPGA-CNN-LeNet.srcs/sources_1/new/LeNet.v:303]
Completed static elaboration
Starting simulation data flow analysis
Completed simulation data flow analysis
Time Resolution for simulation is 1ps
Compiling module xil_defaultlib.Window_partition(map_width=32,ma...
Compiling module xil_defaultlib.FloatMult16
Compiling module xil_defaultlib.FloatAdd16
Compiling module xil_defaultlib.Conv_calc(window_width=5,window_...
Compiling module xil_defaultlib.kernel_single_channel_calc(map_w...
Compiling module xil_defaultlib.FloatVectorAdd16(vectorA_length=...
Compiling module xil_defaultlib.Conv_single_kernel(map_width=32,...
Compiling module xil_defaultlib.Conv_layer(map_width=32,map_heig...
Compiling module xil_defaultlib.FloatExponent16
Compiling module xil_defaultlib.FloatReciprocal16
Compiling module xil_defaultlib.Sigmoid
Compiling module xil_defaultlib.Sigmoid_layer(nums=4704)
Compiling module xil_defaultlib.AveragePooling_layer(map_width=2...
Compiling module xil_defaultlib.Window_partition(map_width=14,ma...
Compiling module xil_defaultlib.kernel_single_channel_calc(map_w...
Compiling module xil_defaultlib.FloatVectorAdd16(vectorA_length=...
Compiling module xil_defaultlib.Conv_single_kernel(map_width=14,...
Compiling module xil_defaultlib.Conv_layer(map_width=14,map_heig...
Compiling module xil_defaultlib.Sigmoid_layer(nums=1600)
Compiling module xil_defaultlib.AveragePooling_layer(map_width=1...
Compiling module xil_defaultlib.Linear_layer(in_features_dim=16,...
Compiling module xil_defaultlib.Sigmoid_layer(nums=120)
Compiling module xil_defaultlib.Linear_layer(in_features_dim=120...
Compiling module xil_defaultlib.Sigmoid_layer(nums=84)
Compiling module xil_defaultlib.Linear_layer(in_features_dim=84,...
Compiling module xil_defaultlib.Softmax_layer(nums=10)
Compiling module xil_defaultlib.LeNet_default
Compiling module xil_defaultlib.LeNet_TB
Compiling module xil_defaultlib.glbl
Built simulation snapshot LeNet_TB_behav
INFO: [USF-XSim-69] 'elaborate' step finished in '5' seconds
INFO: [USF-XSim-4] XSim::Simulate design
INFO: [USF-XSim-61] Executing 'SIMULATE' step in 'C:/Users/gzr/Desktop/FPGA neural network/FPGA-CNN-LeNet/FPGA-CNN-LeNet.sim/sim_1/behav/xsim'
INFO: [USF-XSim-98] *** Running xsim
   with args "LeNet_TB_behav -key {Behavioral:sim_1:Functional:LeNet_TB} -tclbatch {LeNet_TB.tcl} -log {simulate.log}"
INFO: [USF-XSim-8] Loading simulator feature
Time resolution is 1 ps
source LeNet_TB.tcl
# set curr_wave [current_wave_config]
# if { [string length $curr_wave] == 0 } {
#   if { [llength [get_objects]] > 0} {
#     add_wave /
#     set_property needs_save false [current_wave_config]
#   } else {
#      send_msg_id Add_Wave-1 WARNING "No top level signals found. Simulator will start without a wave window. If you want to open a wave window go to 'File->New Waveform Configuration' or type 'create_wave_config' in the TCL console."
#   }
# }
WARNING: [Wavedata 42-489] Can't add object "/LeNet_TB/L6_weights" to the wave window because it has 161280 bits, which exceeds the display limit of 65536 bits.  To change the display limit, use the command "set_property display_limit <new limit> [current_wave_config]".
# log_wave -r /
WARNING: [Simtcl 6-197] One or more HDL objects could not be logged because of object type or size limitations.  To see details please rerun the command with -verbose (-v).
# run 1000ns
xsim: Time (s): cpu = 00:00:05 ; elapsed = 00:00:07 . Memory (MB): peak = 1877.695 ; gain = 0.000
INFO: [USF-XSim-96] XSim completed. Design snapshot 'LeNet_TB_behav' loaded.
INFO: [USF-XSim-97] XSim simulation ran for 1000ns
launch_simulation: Time (s): cpu = 00:00:05 ; elapsed = 00:00:15 . Memory (MB): peak = 1877.695 ; gain = 0.000
run all
run: Time (s): cpu = 00:06:31 ; elapsed = 00:06:47 . Memory (MB): peak = 1877.695 ; gain = 0.000
close_sim
INFO: [Simtcl 6-16] Simulation closed
set_property top Softmax_layer [current_fileset]
set_property top Softmax_layer_TB [get_filesets sim_1]
set_property top_lib xil_defaultlib [get_filesets sim_1]
launch_simulation
Command: launch_simulation 
INFO: [Vivado 12-12493] Simulation top is 'Softmax_layer_TB'
WARNING: [Vivado 12-13340] Unable to auto find GCC executables from simulator install path! (path not set)
WARNING: [Vivado 12-13277] Compiled library path does not exist: ''
INFO: [Vivado 12-5682] Launching behavioral simulation in 'C:/Users/gzr/Desktop/FPGA neural network/FPGA-CNN-LeNet/FPGA-CNN-LeNet.sim/sim_1/behav/xsim'
INFO: [SIM-utils-51] Simulation object is 'sim_1'
INFO: [SIM-utils-72] Using boost library from 'D:/Vivado2022/Vivado/2022.2/tps/boost_1_72_0'
INFO: [SIM-utils-54] Inspecting design source files for 'Softmax_layer_TB' in fileset 'sim_1'...
INFO: [USF-XSim-97] Finding global include files...
INFO: [USF-XSim-100] Fetching design files from 'sources_1'...(this may take a while)...
INFO: [USF-XSim-101] Fetching design files from 'sim_1'...
INFO: [USF-XSim-2] XSim::Compile design
INFO: [USF-XSim-61] Executing 'COMPILE and ANALYZE' step in 'C:/Users/gzr/Desktop/FPGA neural network/FPGA-CNN-LeNet/FPGA-CNN-LeNet.sim/sim_1/behav/xsim'
"xvlog --incr --relax -prj Softmax_layer_TB_vlog.prj"
INFO: [USF-XSim-69] 'compile' step finished in '1' seconds
INFO: [USF-XSim-3] XSim::Elaborate design
INFO: [USF-XSim-61] Executing 'ELABORATE' step in 'C:/Users/gzr/Desktop/FPGA neural network/FPGA-CNN-LeNet/FPGA-CNN-LeNet.sim/sim_1/behav/xsim'
"xelab --incr --debug typical --relax --mt 2 -L xil_defaultlib -L unisims_ver -L unimacro_ver -L secureip --snapshot Softmax_layer_TB_behav xil_defaultlib.Softmax_layer_TB xil_defaultlib.glbl -log elaborate.log"
Vivado Simulator v2022.2
Copyright 1986-1999, 2001-2022 Xilinx, Inc. All Rights Reserved.
Running: D:/Vivado2022/Vivado/2022.2/bin/unwrapped/win64.o/xelab.exe --incr --debug typical --relax --mt 2 -L xil_defaultlib -L unisims_ver -L unimacro_ver -L secureip --snapshot Softmax_layer_TB_behav xil_defaultlib.Softmax_layer_TB xil_defaultlib.glbl -log elaborate.log 
Using 2 slave threads.
Starting static elaboration
Pass Through NonSizing Optimizer
Completed static elaboration
Starting simulation data flow analysis
Completed simulation data flow analysis
Time Resolution for simulation is 1ps
Compiling module xil_defaultlib.FloatMult16
Compiling module xil_defaultlib.FloatAdd16
Compiling module xil_defaultlib.FloatExponent16
Compiling module xil_defaultlib.FloatReciprocal16
Compiling module xil_defaultlib.Softmax_layer
Compiling module xil_defaultlib.Softmax_layer_TB
Compiling module xil_defaultlib.glbl
Built simulation snapshot Softmax_layer_TB_behav
INFO: [USF-XSim-69] 'elaborate' step finished in '2' seconds
INFO: [USF-XSim-4] XSim::Simulate design
INFO: [USF-XSim-61] Executing 'SIMULATE' step in 'C:/Users/gzr/Desktop/FPGA neural network/FPGA-CNN-LeNet/FPGA-CNN-LeNet.sim/sim_1/behav/xsim'
INFO: [USF-XSim-98] *** Running xsim
   with args "Softmax_layer_TB_behav -key {Behavioral:sim_1:Functional:Softmax_layer_TB} -tclbatch {Softmax_layer_TB.tcl} -log {simulate.log}"
INFO: [USF-XSim-8] Loading simulator feature
Time resolution is 1 ps
source Softmax_layer_TB.tcl
# set curr_wave [current_wave_config]
# if { [string length $curr_wave] == 0 } {
#   if { [llength [get_objects]] > 0} {
#     add_wave /
#     set_property needs_save false [current_wave_config]
#   } else {
#      send_msg_id Add_Wave-1 WARNING "No top level signals found. Simulator will start without a wave window. If you want to open a wave window go to 'File->New Waveform Configuration' or type 'create_wave_config' in the TCL console."
#   }
# }
# log_wave -r /
# run 1000ns
INFO: [USF-XSim-96] XSim completed. Design snapshot 'Softmax_layer_TB_behav' loaded.
INFO: [USF-XSim-97] XSim simulation ran for 1000ns
launch_simulation: Time (s): cpu = 00:00:01 ; elapsed = 00:00:05 . Memory (MB): peak = 1882.742 ; gain = 3.336
run all
3fb433fe3c74
$stop called at time : 10100 ns : File "C:/Users/gzr/Desktop/FPGA neural network/FPGA-CNN-LeNet/FPGA-CNN-LeNet.srcs/sim_1/new/Softmax_layer_TB.v" Line 48
close_sim
INFO: [Simtcl 6-16] Simulation closed
launch_simulation
Command: launch_simulation 
INFO: [Vivado 12-12493] Simulation top is 'Softmax_layer_TB'
WARNING: [Vivado 12-13340] Unable to auto find GCC executables from simulator install path! (path not set)
WARNING: [Vivado 12-13277] Compiled library path does not exist: ''
INFO: [Vivado 12-5682] Launching behavioral simulation in 'C:/Users/gzr/Desktop/FPGA neural network/FPGA-CNN-LeNet/FPGA-CNN-LeNet.sim/sim_1/behav/xsim'
INFO: [SIM-utils-51] Simulation object is 'sim_1'
INFO: [SIM-utils-72] Using boost library from 'D:/Vivado2022/Vivado/2022.2/tps/boost_1_72_0'
INFO: [SIM-utils-54] Inspecting design source files for 'Softmax_layer_TB' in fileset 'sim_1'...
INFO: [USF-XSim-97] Finding global include files...
INFO: [USF-XSim-100] Fetching design files from 'sources_1'...(this may take a while)...
INFO: [USF-XSim-101] Fetching design files from 'sim_1'...
INFO: [USF-XSim-2] XSim::Compile design
INFO: [USF-XSim-61] Executing 'COMPILE and ANALYZE' step in 'C:/Users/gzr/Desktop/FPGA neural network/FPGA-CNN-LeNet/FPGA-CNN-LeNet.sim/sim_1/behav/xsim'
"xvlog --incr --relax -prj Softmax_layer_TB_vlog.prj"
INFO: [VRFC 10-2263] Analyzing Verilog file "C:/Users/gzr/Desktop/FPGA neural network/FPGA-CNN-LeNet/FPGA-CNN-LeNet.srcs/sources_1/new/Conv_calc.v" into library xil_defaultlib
INFO: [VRFC 10-311] analyzing module Conv_calc
INFO: [VRFC 10-2263] Analyzing Verilog file "C:/Users/gzr/Desktop/FPGA neural network/FPGA-CNN-LeNet/FPGA-CNN-LeNet.srcs/sources_1/new/FloatAdd16.v" into library xil_defaultlib
INFO: [VRFC 10-311] analyzing module FloatAdd16
INFO: [VRFC 10-2263] Analyzing Verilog file "C:/Users/gzr/Desktop/FPGA neural network/FPGA-CNN-LeNet/FPGA-CNN-LeNet.srcs/sources_1/new/FloatMult16.v" into library xil_defaultlib
INFO: [VRFC 10-311] analyzing module FloatMult16
INFO: [VRFC 10-2263] Analyzing Verilog file "C:/Users/gzr/Desktop/FPGA neural network/FPGA-CNN-LeNet/FPGA-CNN-LeNet.srcs/sources_1/new/Window_partition.v" into library xil_defaultlib
INFO: [VRFC 10-311] analyzing module Window_partition
WARNING: [VRFC 10-2096] empty statement in sequential block [C:/Users/gzr/Desktop/FPGA neural network/FPGA-CNN-LeNet/FPGA-CNN-LeNet.srcs/sources_1/new/Window_partition.v:59]
INFO: [VRFC 10-2263] Analyzing Verilog file "C:/Users/gzr/Desktop/FPGA neural network/FPGA-CNN-LeNet/FPGA-CNN-LeNet.srcs/sources_1/new/kernel_single_channel_calc.v" into library xil_defaultlib
INFO: [VRFC 10-311] analyzing module kernel_single_channel_calc
INFO: [VRFC 10-2263] Analyzing Verilog file "C:/Users/gzr/Desktop/FPGA neural network/FPGA-CNN-LeNet/FPGA-CNN-LeNet.srcs/sources_1/new/Conv_single_kernel.v" into library xil_defaultlib
INFO: [VRFC 10-311] analyzing module Conv_single_kernel
INFO: [VRFC 10-2263] Analyzing Verilog file "C:/Users/gzr/Desktop/FPGA neural network/FPGA-CNN-LeNet/FPGA-CNN-LeNet.srcs/sources_1/new/FloatVectorAdd16.v" into library xil_defaultlib
INFO: [VRFC 10-311] analyzing module FloatVectorAdd16
INFO: [VRFC 10-2263] Analyzing Verilog file "C:/Users/gzr/Desktop/FPGA neural network/FPGA-CNN-LeNet/FPGA-CNN-LeNet.srcs/sources_1/new/AveragePooling.v" into library xil_defaultlib
INFO: [VRFC 10-311] analyzing module AveragePooling_layer
INFO: [VRFC 10-2263] Analyzing Verilog file "C:/Users/gzr/Desktop/FPGA neural network/FPGA-CNN-LeNet/FPGA-CNN-LeNet.srcs/sources_1/new/Linear.v" into library xil_defaultlib
INFO: [VRFC 10-311] analyzing module Linear_layer
INFO: [VRFC 10-2263] Analyzing Verilog file "C:/Users/gzr/Desktop/FPGA neural network/FPGA-CNN-LeNet/FPGA-CNN-LeNet.srcs/sources_1/new/Conv_layer.v" into library xil_defaultlib
INFO: [VRFC 10-311] analyzing module Conv_layer
INFO: [VRFC 10-2263] Analyzing Verilog file "C:/Users/gzr/Desktop/FPGA neural network/FPGA-CNN-LeNet/FPGA-CNN-LeNet.srcs/sources_1/new/FloatExponent16.v" into library xil_defaultlib
INFO: [VRFC 10-311] analyzing module FloatExponent16
INFO: [VRFC 10-2263] Analyzing Verilog file "C:/Users/gzr/Desktop/FPGA neural network/FPGA-CNN-LeNet/FPGA-CNN-LeNet.srcs/sources_1/new/Softmax_layer.v" into library xil_defaultlib
INFO: [VRFC 10-311] analyzing module Softmax_layer
INFO: [VRFC 10-2263] Analyzing Verilog file "C:/Users/gzr/Desktop/FPGA neural network/FPGA-CNN-LeNet/FPGA-CNN-LeNet.srcs/sources_1/new/Sigmoid.v" into library xil_defaultlib
INFO: [VRFC 10-311] analyzing module Sigmoid
INFO: [VRFC 10-2263] Analyzing Verilog file "C:/Users/gzr/Desktop/FPGA neural network/FPGA-CNN-LeNet/FPGA-CNN-LeNet.srcs/sources_1/new/FloatReciprocal16.v" into library xil_defaultlib
INFO: [VRFC 10-311] analyzing module FloatReciprocal16
INFO: [VRFC 10-2263] Analyzing Verilog file "C:/Users/gzr/Desktop/FPGA neural network/FPGA-CNN-LeNet/FPGA-CNN-LeNet.srcs/sources_1/new/Sigmoid_layer.v" into library xil_defaultlib
INFO: [VRFC 10-311] analyzing module Sigmoid_layer
INFO: [VRFC 10-2263] Analyzing Verilog file "C:/Users/gzr/Desktop/FPGA neural network/FPGA-CNN-LeNet/FPGA-CNN-LeNet.srcs/sources_1/new/LeNet.v" into library xil_defaultlib
INFO: [VRFC 10-311] analyzing module LeNet
INFO: [VRFC 10-2263] Analyzing Verilog file "C:/Users/gzr/Desktop/FPGA neural network/FPGA-CNN-LeNet/FPGA-CNN-LeNet.srcs/sim_1/new/Window_partition_TB.v" into library xil_defaultlib
INFO: [VRFC 10-311] analyzing module Window_partition_TB
INFO: [VRFC 10-2263] Analyzing Verilog file "C:/Users/gzr/Desktop/FPGA neural network/FPGA-CNN-LeNet/FPGA-CNN-LeNet.srcs/sim_1/new/Conv_calc_TB.v" into library xil_defaultlib
INFO: [VRFC 10-311] analyzing module Conv_calc_TB
INFO: [VRFC 10-2263] Analyzing Verilog file "C:/Users/gzr/Desktop/FPGA neural network/FPGA-CNN-LeNet/FPGA-CNN-LeNet.srcs/sim_1/new/FloatAdd16_TB.v" into library xil_defaultlib
INFO: [VRFC 10-311] analyzing module FloatAdd16_TB
INFO: [VRFC 10-2263] Analyzing Verilog file "C:/Users/gzr/Desktop/FPGA neural network/FPGA-CNN-LeNet/FPGA-CNN-LeNet.srcs/sim_1/new/FloatMult16_TB.v" into library xil_defaultlib
INFO: [VRFC 10-311] analyzing module FloatMult16_TB
INFO: [VRFC 10-2263] Analyzing Verilog file "C:/Users/gzr/Desktop/FPGA neural network/FPGA-CNN-LeNet/FPGA-CNN-LeNet.srcs/sim_1/new/Feature_map_selector_TB.v" into library xil_defaultlib
INFO: [VRFC 10-311] analyzing module Feature_map_selector_TB
INFO: [VRFC 10-2263] Analyzing Verilog file "C:/Users/gzr/Desktop/FPGA neural network/FPGA-CNN-LeNet/FPGA-CNN-LeNet.srcs/sim_1/new/Kernel_single_channel_calc_TB.v" into library xil_defaultlib
INFO: [VRFC 10-311] analyzing module Kernel_single_channel_calc_TB
INFO: [VRFC 10-2263] Analyzing Verilog file "C:/Users/gzr/Desktop/FPGA neural network/FPGA-CNN-LeNet/FPGA-CNN-LeNet.srcs/sim_1/new/FloatVectorAdd16_TB.v" into library xil_defaultlib
INFO: [VRFC 10-311] analyzing module FloatVectorAdd16_TB
INFO: [VRFC 10-2263] Analyzing Verilog file "C:/Users/gzr/Desktop/FPGA neural network/FPGA-CNN-LeNet/FPGA-CNN-LeNet.srcs/sim_1/new/Conv_single_kernel_TB.v" into library xil_defaultlib
INFO: [VRFC 10-311] analyzing module Conv_single_kernel_TB
INFO: [VRFC 10-2263] Analyzing Verilog file "C:/Users/gzr/Desktop/FPGA neural network/FPGA-CNN-LeNet/FPGA-CNN-LeNet.srcs/sim_1/new/AveragePooling_TB.v" into library xil_defaultlib
INFO: [VRFC 10-311] analyzing module AveragePooling_layer_TB
INFO: [VRFC 10-2263] Analyzing Verilog file "C:/Users/gzr/Desktop/FPGA neural network/FPGA-CNN-LeNet/FPGA-CNN-LeNet.srcs/sim_1/new/Conv_layer_TB.v" into library xil_defaultlib
INFO: [VRFC 10-311] analyzing module Conv_layer_TB
INFO: [VRFC 10-2263] Analyzing Verilog file "C:/Users/gzr/Desktop/FPGA neural network/FPGA-CNN-LeNet/FPGA-CNN-LeNet.srcs/sim_1/new/Linear_TB.v" into library xil_defaultlib
INFO: [VRFC 10-311] analyzing module Linear_layer_TB
INFO: [VRFC 10-2263] Analyzing Verilog file "C:/Users/gzr/Desktop/FPGA neural network/FPGA-CNN-LeNet/FPGA-CNN-LeNet.srcs/sim_1/new/FloatExponent16_TB.v" into library xil_defaultlib
INFO: [VRFC 10-311] analyzing module FloatExponent16_TB
INFO: [VRFC 10-2263] Analyzing Verilog file "C:/Users/gzr/Desktop/FPGA neural network/FPGA-CNN-LeNet/FPGA-CNN-LeNet.srcs/sim_1/new/Sigmoid_TB.v" into library xil_defaultlib
INFO: [VRFC 10-311] analyzing module Sigmoid_TB
INFO: [VRFC 10-2263] Analyzing Verilog file "C:/Users/gzr/Desktop/FPGA neural network/FPGA-CNN-LeNet/FPGA-CNN-LeNet.srcs/sim_1/new/FloatReciprocal16_TB.v" into library xil_defaultlib
INFO: [VRFC 10-311] analyzing module FloatReciprocal16_TB
INFO: [VRFC 10-2263] Analyzing Verilog file "C:/Users/gzr/Desktop/FPGA neural network/FPGA-CNN-LeNet/FPGA-CNN-LeNet.srcs/sim_1/new/Sigmoid_layer_TB.v" into library xil_defaultlib
INFO: [VRFC 10-311] analyzing module Sigmoid_layer_TB
INFO: [VRFC 10-2263] Analyzing Verilog file "C:/Users/gzr/Desktop/FPGA neural network/FPGA-CNN-LeNet/FPGA-CNN-LeNet.srcs/sim_1/new/Softmax_layer_TB.v" into library xil_defaultlib
INFO: [VRFC 10-311] analyzing module Softmax_layer_TB
INFO: [VRFC 10-2263] Analyzing Verilog file "C:/Users/gzr/Desktop/FPGA neural network/FPGA-CNN-LeNet/FPGA-CNN-LeNet.srcs/sim_1/new/LeNet_TB.v" into library xil_defaultlib
INFO: [VRFC 10-311] analyzing module LeNet_TB
INFO: [USF-XSim-69] 'compile' step finished in '3' seconds
INFO: [USF-XSim-3] XSim::Elaborate design
INFO: [USF-XSim-61] Executing 'ELABORATE' step in 'C:/Users/gzr/Desktop/FPGA neural network/FPGA-CNN-LeNet/FPGA-CNN-LeNet.sim/sim_1/behav/xsim'
"xelab --incr --debug typical --relax --mt 2 -L xil_defaultlib -L unisims_ver -L unimacro_ver -L secureip --snapshot Softmax_layer_TB_behav xil_defaultlib.Softmax_layer_TB xil_defaultlib.glbl -log elaborate.log"
Vivado Simulator v2022.2
Copyright 1986-1999, 2001-2022 Xilinx, Inc. All Rights Reserved.
Running: D:/Vivado2022/Vivado/2022.2/bin/unwrapped/win64.o/xelab.exe --incr --debug typical --relax --mt 2 -L xil_defaultlib -L unisims_ver -L unimacro_ver -L secureip --snapshot Softmax_layer_TB_behav xil_defaultlib.Softmax_layer_TB xil_defaultlib.glbl -log elaborate.log 
Using 2 slave threads.
Starting static elaboration
Pass Through NonSizing Optimizer
Completed static elaboration
Starting simulation data flow analysis
Completed simulation data flow analysis
Time Resolution for simulation is 1ps
Compiling module xil_defaultlib.FloatMult16
Compiling module xil_defaultlib.FloatAdd16
Compiling module xil_defaultlib.FloatExponent16
Compiling module xil_defaultlib.FloatReciprocal16
Compiling module xil_defaultlib.Softmax_layer
Compiling module xil_defaultlib.Softmax_layer_TB
Compiling module xil_defaultlib.glbl
Built simulation snapshot Softmax_layer_TB_behav
INFO: [USF-XSim-69] 'elaborate' step finished in '2' seconds
INFO: [USF-XSim-4] XSim::Simulate design
INFO: [USF-XSim-61] Executing 'SIMULATE' step in 'C:/Users/gzr/Desktop/FPGA neural network/FPGA-CNN-LeNet/FPGA-CNN-LeNet.sim/sim_1/behav/xsim'
INFO: [USF-XSim-98] *** Running xsim
   with args "Softmax_layer_TB_behav -key {Behavioral:sim_1:Functional:Softmax_layer_TB} -tclbatch {Softmax_layer_TB.tcl} -log {simulate.log}"
INFO: [USF-XSim-8] Loading simulator feature
Time resolution is 1 ps
source Softmax_layer_TB.tcl
# set curr_wave [current_wave_config]
# if { [string length $curr_wave] == 0 } {
#   if { [llength [get_objects]] > 0} {
#     add_wave /
#     set_property needs_save false [current_wave_config]
#   } else {
#      send_msg_id Add_Wave-1 WARNING "No top level signals found. Simulator will start without a wave window. If you want to open a wave window go to 'File->New Waveform Configuration' or type 'create_wave_config' in the TCL console."
#   }
# }
# log_wave -r /
# run 1000ns
INFO: [USF-XSim-96] XSim completed. Design snapshot 'Softmax_layer_TB_behav' loaded.
INFO: [USF-XSim-97] XSim simulation ran for 1000ns
launch_simulation: Time (s): cpu = 00:00:00 ; elapsed = 00:00:07 . Memory (MB): peak = 1883.598 ; gain = 0.855
run all
3fb433fe36c1
$stop called at time : 10100 ns : File "C:/Users/gzr/Desktop/FPGA neural network/FPGA-CNN-LeNet/FPGA-CNN-LeNet.srcs/sim_1/new/Softmax_layer_TB.v" Line 48
close_sim
INFO: [Simtcl 6-16] Simulation closed
set_property top LeNet_TB [get_filesets sim_1]
set_property top_lib xil_defaultlib [get_filesets sim_1]
set_property top LeNet [current_fileset]
launch_simulation
Command: launch_simulation 
INFO: [Vivado 12-12493] Simulation top is 'LeNet_TB'
WARNING: [Vivado 12-13340] Unable to auto find GCC executables from simulator install path! (path not set)
WARNING: [Vivado 12-13277] Compiled library path does not exist: ''
INFO: [Vivado 12-5682] Launching behavioral simulation in 'C:/Users/gzr/Desktop/FPGA neural network/FPGA-CNN-LeNet/FPGA-CNN-LeNet.sim/sim_1/behav/xsim'
INFO: [SIM-utils-51] Simulation object is 'sim_1'
INFO: [SIM-utils-72] Using boost library from 'D:/Vivado2022/Vivado/2022.2/tps/boost_1_72_0'
INFO: [SIM-utils-54] Inspecting design source files for 'LeNet_TB' in fileset 'sim_1'...
INFO: [USF-XSim-97] Finding global include files...
INFO: [USF-XSim-100] Fetching design files from 'sources_1'...(this may take a while)...
INFO: [USF-XSim-101] Fetching design files from 'sim_1'...
INFO: [USF-XSim-2] XSim::Compile design
INFO: [USF-XSim-61] Executing 'COMPILE and ANALYZE' step in 'C:/Users/gzr/Desktop/FPGA neural network/FPGA-CNN-LeNet/FPGA-CNN-LeNet.sim/sim_1/behav/xsim'
"xvlog --incr --relax -prj LeNet_TB_vlog.prj"
INFO: [USF-XSim-69] 'compile' step finished in '1' seconds
INFO: [USF-XSim-3] XSim::Elaborate design
INFO: [USF-XSim-61] Executing 'ELABORATE' step in 'C:/Users/gzr/Desktop/FPGA neural network/FPGA-CNN-LeNet/FPGA-CNN-LeNet.sim/sim_1/behav/xsim'
"xelab --incr --debug typical --relax --mt 2 -L xil_defaultlib -L unisims_ver -L unimacro_ver -L secureip --snapshot LeNet_TB_behav xil_defaultlib.LeNet_TB xil_defaultlib.glbl -log elaborate.log"
Vivado Simulator v2022.2
Copyright 1986-1999, 2001-2022 Xilinx, Inc. All Rights Reserved.
Running: D:/Vivado2022/Vivado/2022.2/bin/unwrapped/win64.o/xelab.exe --incr --debug typical --relax --mt 2 -L xil_defaultlib -L unisims_ver -L unimacro_ver -L secureip --snapshot LeNet_TB_behav xil_defaultlib.LeNet_TB xil_defaultlib.glbl -log elaborate.log 
Using 2 slave threads.
Starting static elaboration
Pass Through NonSizing Optimizer
WARNING: [VRFC 10-3091] actual bit length 1920 differs from formal bit length 16 for port 'bias' [C:/Users/gzr/Desktop/FPGA neural network/FPGA-CNN-LeNet/FPGA-CNN-LeNet.srcs/sources_1/new/LeNet.v:249]
WARNING: [VRFC 10-3091] actual bit length 6400 differs from formal bit length 256 for port 'in_features' [C:/Users/gzr/Desktop/FPGA neural network/FPGA-CNN-LeNet/FPGA-CNN-LeNet.srcs/sources_1/new/LeNet.v:250]
WARNING: [VRFC 10-3091] actual bit length 1344 differs from formal bit length 16 for port 'bias' [C:/Users/gzr/Desktop/FPGA neural network/FPGA-CNN-LeNet/FPGA-CNN-LeNet.srcs/sources_1/new/LeNet.v:276]
WARNING: [VRFC 10-3091] actual bit length 160 differs from formal bit length 16 for port 'bias' [C:/Users/gzr/Desktop/FPGA neural network/FPGA-CNN-LeNet/FPGA-CNN-LeNet.srcs/sources_1/new/LeNet.v:303]
Completed static elaboration
Starting simulation data flow analysis
Completed simulation data flow analysis
Time Resolution for simulation is 1ps
Compiling module xil_defaultlib.Window_partition(map_width=32,ma...
Compiling module xil_defaultlib.FloatMult16
Compiling module xil_defaultlib.FloatAdd16
Compiling module xil_defaultlib.Conv_calc(window_width=5,window_...
Compiling module xil_defaultlib.kernel_single_channel_calc(map_w...
Compiling module xil_defaultlib.FloatVectorAdd16(vectorA_length=...
Compiling module xil_defaultlib.Conv_single_kernel(map_width=32,...
Compiling module xil_defaultlib.Conv_layer(map_width=32,map_heig...
Compiling module xil_defaultlib.FloatExponent16
Compiling module xil_defaultlib.FloatReciprocal16
Compiling module xil_defaultlib.Sigmoid
Compiling module xil_defaultlib.Sigmoid_layer(nums=4704)
Compiling module xil_defaultlib.AveragePooling_layer(map_width=2...
Compiling module xil_defaultlib.Window_partition(map_width=14,ma...
Compiling module xil_defaultlib.kernel_single_channel_calc(map_w...
Compiling module xil_defaultlib.FloatVectorAdd16(vectorA_length=...
Compiling module xil_defaultlib.Conv_single_kernel(map_width=14,...
Compiling module xil_defaultlib.Conv_layer(map_width=14,map_heig...
Compiling module xil_defaultlib.Sigmoid_layer(nums=1600)
Compiling module xil_defaultlib.AveragePooling_layer(map_width=1...
Compiling module xil_defaultlib.Linear_layer(in_features_dim=16,...
Compiling module xil_defaultlib.Sigmoid_layer(nums=120)
Compiling module xil_defaultlib.Linear_layer(in_features_dim=120...
Compiling module xil_defaultlib.Sigmoid_layer(nums=84)
Compiling module xil_defaultlib.Linear_layer(in_features_dim=84,...
Compiling module xil_defaultlib.Softmax_layer(nums=10)
Compiling module xil_defaultlib.LeNet_default
Compiling module xil_defaultlib.LeNet_TB
Compiling module xil_defaultlib.glbl
Built simulation snapshot LeNet_TB_behav
INFO: [USF-XSim-69] 'elaborate' step finished in '5' seconds
INFO: [USF-XSim-4] XSim::Simulate design
INFO: [USF-XSim-61] Executing 'SIMULATE' step in 'C:/Users/gzr/Desktop/FPGA neural network/FPGA-CNN-LeNet/FPGA-CNN-LeNet.sim/sim_1/behav/xsim'
INFO: [USF-XSim-98] *** Running xsim
   with args "LeNet_TB_behav -key {Behavioral:sim_1:Functional:LeNet_TB} -tclbatch {LeNet_TB.tcl} -log {simulate.log}"
INFO: [USF-XSim-8] Loading simulator feature
Time resolution is 1 ps
source LeNet_TB.tcl
# set curr_wave [current_wave_config]
# if { [string length $curr_wave] == 0 } {
#   if { [llength [get_objects]] > 0} {
#     add_wave /
#     set_property needs_save false [current_wave_config]
#   } else {
#      send_msg_id Add_Wave-1 WARNING "No top level signals found. Simulator will start without a wave window. If you want to open a wave window go to 'File->New Waveform Configuration' or type 'create_wave_config' in the TCL console."
#   }
# }
WARNING: [Wavedata 42-489] Can't add object "/LeNet_TB/L6_weights" to the wave window because it has 161280 bits, which exceeds the display limit of 65536 bits.  To change the display limit, use the command "set_property display_limit <new limit> [current_wave_config]".
# log_wave -r /
WARNING: [Simtcl 6-197] One or more HDL objects could not be logged because of object type or size limitations.  To see details please rerun the command with -verbose (-v).
# run 1000ns
xsim: Time (s): cpu = 00:00:05 ; elapsed = 00:00:07 . Memory (MB): peak = 1885.090 ; gain = 0.953
INFO: [USF-XSim-96] XSim completed. Design snapshot 'LeNet_TB_behav' loaded.
INFO: [USF-XSim-97] XSim simulation ran for 1000ns
launch_simulation: Time (s): cpu = 00:00:05 ; elapsed = 00:00:13 . Memory (MB): peak = 1885.090 ; gain = 0.953
run all
run: Time (s): cpu = 00:05:22 ; elapsed = 00:06:10 . Memory (MB): peak = 1891.516 ; gain = 6.426
run all
run: Time (s): cpu = 00:01:31 ; elapsed = 00:01:43 . Memory (MB): peak = 1899.738 ; gain = 0.000
close_sim
INFO: [Simtcl 6-16] Simulation closed
exit
INFO: [Common 17-206] Exiting Vivado at Mon Jan 13 12:21:43 2025...
